make -C /lib/modules/4.18.0-513.el8_lustre.x86_64/build M=/home/cc/lustre-release-v2.15.5 modules
make[1]: Entering directory '/usr/src/kernels/4.18.0-513.el8_lustre.x86_64'
  CC [M]  /home/cc/lustre-release-v2.15.5/ldiskfs/super.o
  CC [M]  /home/cc/lustre-release-v2.15.5/ldiskfs/indirect.o
  CC [M]  /home/cc/lustre-release-v2.15.5/ldiskfs/xattr.o
  CC [M]  /home/cc/lustre-release-v2.15.5/ldiskfs/fsmap.o
  CC [M]  /home/cc/lustre-release-v2.15.5/ldiskfs/acl.o
  CC [M]  /home/cc/lustre-release-v2.15.5/ldiskfs/hash.o
  CC [M]  /home/cc/lustre-release-v2.15.5/ldiskfs/block_validity.o
  CC [M]  /home/cc/lustre-release-v2.15.5/ldiskfs/symlink.o
  CC [M]  /home/cc/lustre-release-v2.15.5/ldiskfs/sysfs.o
  CC [M]  /home/cc/lustre-release-v2.15.5/ldiskfs/bitmap.o
  CC [M]  /home/cc/lustre-release-v2.15.5/ldiskfs/extents_status.o
  CC [M]  /home/cc/lustre-release-v2.15.5/ldiskfs/inline.o
  CC [M]  /home/cc/lustre-release-v2.15.5/ldiskfs/readpage.o
  CC [M]  /home/cc/lustre-release-v2.15.5/ldiskfs/xattr_trusted.o
  CC [M]  /home/cc/lustre-release-v2.15.5/ldiskfs/resize.o
  CC [M]  /home/cc/lustre-release-v2.15.5/ldiskfs/dir.o
  CC [M]  /home/cc/lustre-release-v2.15.5/ldiskfs/mballoc.o
  CC [M]  /home/cc/lustre-release-v2.15.5/ldiskfs/ioctl.o
  CC [M]  /home/cc/lustre-release-v2.15.5/ldiskfs/migrate.o
  CC [M]  /home/cc/lustre-release-v2.15.5/ldiskfs/page-io.o
  CC [M]  /home/cc/lustre-release-v2.15.5/ldiskfs/xattr_user.o
  CC [M]  /home/cc/lustre-release-v2.15.5/ldiskfs/xattr_security.o
  CC [M]  /home/cc/lustre-release-v2.15.5/ldiskfs/extents.o
  CC [M]  /home/cc/lustre-release-v2.15.5/ldiskfs/namei.o
  CC [M]  /home/cc/lustre-release-v2.15.5/ldiskfs/inode.o
  CC [M]  /home/cc/lustre-release-v2.15.5/ldiskfs/file.o
  CC [M]  /home/cc/lustre-release-v2.15.5/ldiskfs/mmp.o
  CC [M]  /home/cc/lustre-release-v2.15.5/ldiskfs/ext4_jbd2.o
  CC [M]  /home/cc/lustre-release-v2.15.5/ldiskfs/balloc.o
  CC [M]  /home/cc/lustre-release-v2.15.5/ldiskfs/fsync.o
  CC [M]  /home/cc/lustre-release-v2.15.5/ldiskfs/ialloc.o
  CC [M]  /home/cc/lustre-release-v2.15.5/ldiskfs/move_extent.o
  CC [M]  /home/cc/lustre-release-v2.15.5/ldiskfs/htree_lock.o
  LD [M]  /home/cc/lustre-release-v2.15.5/ldiskfs/ldiskfs.o
  CC [M]  /home/cc/lustre-release-v2.15.5/libcfs/libcfs/linux/linux-prim.o
  CC [M]  /home/cc/lustre-release-v2.15.5/libcfs/libcfs/linux/linux-hash.o
  CC [M]  /home/cc/lustre-release-v2.15.5/libcfs/libcfs/linux/linux-wait.o
  CC [M]  /home/cc/lustre-release-v2.15.5/libcfs/libcfs/linux/glob.o
  CC [M]  /home/cc/lustre-release-v2.15.5/libcfs/libcfs/linux/xarray.o
  CC [M]  /home/cc/lustre-release-v2.15.5/libcfs/libcfs/debug.o
  CC [M]  /home/cc/lustre-release-v2.15.5/libcfs/libcfs/fail.o
  CC [M]  /home/cc/lustre-release-v2.15.5/libcfs/libcfs/module.o
  CC [M]  /home/cc/lustre-release-v2.15.5/libcfs/libcfs/tracefile.o
  CC [M]  /home/cc/lustre-release-v2.15.5/libcfs/libcfs/libcfs_string.o
  CC [M]  /home/cc/lustre-release-v2.15.5/libcfs/libcfs/hash.o
  CC [M]  /home/cc/lustre-release-v2.15.5/libcfs/libcfs/linux-crypto.o
  CC [M]  /home/cc/lustre-release-v2.15.5/libcfs/libcfs/linux-crypto-adler.o
  LD [M]  /home/cc/lustre-release-v2.15.5/libcfs/libcfs/libcfs.o
  CC [M]  /home/cc/lustre-release-v2.15.5/lnet/klnds/o2iblnd/o2iblnd.o
  CC [M]  /home/cc/lustre-release-v2.15.5/lnet/klnds/o2iblnd/o2iblnd_cb.o
  CC [M]  /home/cc/lustre-release-v2.15.5/lnet/klnds/o2iblnd/o2iblnd_modparams.o
  LD [M]  /home/cc/lustre-release-v2.15.5/lnet/klnds/o2iblnd/ko2iblnd.o
  CC [M]  /home/cc/lustre-release-v2.15.5/lnet/klnds/socklnd/socklnd.o
  CC [M]  /home/cc/lustre-release-v2.15.5/lnet/klnds/socklnd/socklnd_cb.o
  CC [M]  /home/cc/lustre-release-v2.15.5/lnet/klnds/socklnd/socklnd_lib.o
  CC [M]  /home/cc/lustre-release-v2.15.5/lnet/klnds/socklnd/socklnd_modparams.o
  CC [M]  /home/cc/lustre-release-v2.15.5/lnet/klnds/socklnd/socklnd_proto.o
  LD [M]  /home/cc/lustre-release-v2.15.5/lnet/klnds/socklnd/ksocklnd.o
  CC [M]  /home/cc/lustre-release-v2.15.5/lnet/lnet/api-ni.o
  CC [M]  /home/cc/lustre-release-v2.15.5/lnet/lnet/config.o
  CC [M]  /home/cc/lustre-release-v2.15.5/lnet/lnet/nidstrings.o
  CC [M]  /home/cc/lustre-release-v2.15.5/lnet/lnet/lnet_rdma.o
  CC [M]  /home/cc/lustre-release-v2.15.5/lnet/lnet/lock.o
  CC [M]  /home/cc/lustre-release-v2.15.5/lnet/lnet/lib-me.o
  CC [M]  /home/cc/lustre-release-v2.15.5/lnet/lnet/lib-msg.o
  CC [M]  /home/cc/lustre-release-v2.15.5/lnet/lnet/lib-md.o
  CC [M]  /home/cc/lustre-release-v2.15.5/lnet/lnet/lib-ptl.o
  CC [M]  /home/cc/lustre-release-v2.15.5/lnet/lnet/lib-socket.o
  CC [M]  /home/cc/lustre-release-v2.15.5/lnet/lnet/lib-move.o
  CC [M]  /home/cc/lustre-release-v2.15.5/lnet/lnet/module.o
  CC [M]  /home/cc/lustre-release-v2.15.5/lnet/lnet/lo.o
  CC [M]  /home/cc/lustre-release-v2.15.5/lnet/lnet/router.o
  CC [M]  /home/cc/lustre-release-v2.15.5/lnet/lnet/lnet_debugfs.o
  CC [M]  /home/cc/lustre-release-v2.15.5/lnet/lnet/acceptor.o
  CC [M]  /home/cc/lustre-release-v2.15.5/lnet/lnet/peer.o
  CC [M]  /home/cc/lustre-release-v2.15.5/lnet/lnet/net_fault.o
  CC [M]  /home/cc/lustre-release-v2.15.5/lnet/lnet/udsp.o
  CC [M]  /home/cc/lustre-release-v2.15.5/lnet/lnet/lib-cpt.o
  LD [M]  /home/cc/lustre-release-v2.15.5/lnet/lnet/lnet.o
  CC [M]  /home/cc/lustre-release-v2.15.5/lnet/selftest/console.o
  CC [M]  /home/cc/lustre-release-v2.15.5/lnet/selftest/conrpc.o
  CC [M]  /home/cc/lustre-release-v2.15.5/lnet/selftest/conctl.o
  CC [M]  /home/cc/lustre-release-v2.15.5/lnet/selftest/framework.o
  CC [M]  /home/cc/lustre-release-v2.15.5/lnet/selftest/timer.o
  CC [M]  /home/cc/lustre-release-v2.15.5/lnet/selftest/rpc.o
  CC [M]  /home/cc/lustre-release-v2.15.5/lnet/selftest/module.o
  CC [M]  /home/cc/lustre-release-v2.15.5/lnet/selftest/ping_test.o
  CC [M]  /home/cc/lustre-release-v2.15.5/lnet/selftest/brw_test.o
  LD [M]  /home/cc/lustre-release-v2.15.5/lnet/selftest/lnet_selftest.o
  CC [M]  /home/cc/lustre-release-v2.15.5/lustre/fid/fid_request.o
  CC [M]  /home/cc/lustre-release-v2.15.5/lustre/fid/lproc_fid.o
  CC [M]  /home/cc/lustre-release-v2.15.5/lustre/fid/fid_handler.o
  CC [M]  /home/cc/lustre-release-v2.15.5/lustre/fid/fid_store.o
  CC [M]  /home/cc/lustre-release-v2.15.5/lustre/fid/fid_lib.o
  LD [M]  /home/cc/lustre-release-v2.15.5/lustre/fid/fid.o
  CC [M]  /home/cc/lustre-release-v2.15.5/lustre/fld/fld_request.o
  CC [M]  /home/cc/lustre-release-v2.15.5/lustre/fld/fld_cache.o
  CC [M]  /home/cc/lustre-release-v2.15.5/lustre/fld/lproc_fld.o
  CC [M]  /home/cc/lustre-release-v2.15.5/lustre/fld/fld_handler.o
  CC [M]  /home/cc/lustre-release-v2.15.5/lustre/fld/fld_index.o
  LD [M]  /home/cc/lustre-release-v2.15.5/lustre/fld/fld.o
  CC [M]  /home/cc/lustre-release-v2.15.5/lustre/lfsck/lfsck_lib.o
  CC [M]  /home/cc/lustre-release-v2.15.5/lustre/lfsck/lfsck_engine.o
  CC [M]  /home/cc/lustre-release-v2.15.5/lustre/lfsck/lfsck_bookmark.o
  CC [M]  /home/cc/lustre-release-v2.15.5/lustre/lfsck/lfsck_namespace.o
  CC [M]  /home/cc/lustre-release-v2.15.5/lustre/lfsck/lfsck_layout.o
  CC [M]  /home/cc/lustre-release-v2.15.5/lustre/lfsck/lfsck_striped_dir.o
  LD [M]  /home/cc/lustre-release-v2.15.5/lustre/lfsck/lfsck.o
  CC [M]  /home/cc/lustre-release-v2.15.5/lustre/llite/dcache.o
  CC [M]  /home/cc/lustre-release-v2.15.5/lustre/llite/dir.o
  CC [M]  /home/cc/lustre-release-v2.15.5/lustre/llite/file.o
  CC [M]  /home/cc/lustre-release-v2.15.5/lustre/llite/llite_lib.o
  CC [M]  /home/cc/lustre-release-v2.15.5/lustre/llite/llite_nfs.o
  CC [M]  /home/cc/lustre-release-v2.15.5/lustre/llite/rw.o
  CC [M]  /home/cc/lustre-release-v2.15.5/lustre/llite/lproc_llite.o
  CC [M]  /home/cc/lustre-release-v2.15.5/lustre/llite/namei.o
  CC [M]  /home/cc/lustre-release-v2.15.5/lustre/llite/symlink.o
  CC [M]  /home/cc/lustre-release-v2.15.5/lustre/llite/llite_mmap.o
  CC [M]  /home/cc/lustre-release-v2.15.5/lustre/llite/xattr.o
  CC [M]  /home/cc/lustre-release-v2.15.5/lustre/llite/xattr_cache.o
  CC [M]  /home/cc/lustre-release-v2.15.5/lustre/llite/rw26.o
  CC [M]  /home/cc/lustre-release-v2.15.5/lustre/llite/super25.o
  CC [M]  /home/cc/lustre-release-v2.15.5/lustre/llite/statahead.o
  CC [M]  /home/cc/lustre-release-v2.15.5/lustre/llite/xattr_security.o
  CC [M]  /home/cc/lustre-release-v2.15.5/lustre/llite/glimpse.o
  CC [M]  /home/cc/lustre-release-v2.15.5/lustre/llite/lcommon_cl.o
  CC [M]  /home/cc/lustre-release-v2.15.5/lustre/llite/lcommon_misc.o
  CC [M]  /home/cc/lustre-release-v2.15.5/lustre/llite/vvp_dev.o
  CC [M]  /home/cc/lustre-release-v2.15.5/lustre/llite/vvp_page.o
  CC [M]  /home/cc/lustre-release-v2.15.5/lustre/llite/vvp_io.o
  CC [M]  /home/cc/lustre-release-v2.15.5/lustre/llite/vvp_object.o
  CC [M]  /home/cc/lustre-release-v2.15.5/lustre/llite/pcc.o
  CC [M]  /home/cc/lustre-release-v2.15.5/lustre/llite/crypto.o
  CC [M]  /home/cc/lustre-release-v2.15.5/lustre/llite/llite_foreign.o
  CC [M]  /home/cc/lustre-release-v2.15.5/lustre/llite/llite_foreign_symlink.o
  CC [M]  /home/cc/lustre-release-v2.15.5/lustre/llite/acl.o
  LD [M]  /home/cc/lustre-release-v2.15.5/lustre/llite/lustre.o
  CC [M]  /home/cc/lustre-release-v2.15.5/lustre/lmv/lmv_obd.o
  CC [M]  /home/cc/lustre-release-v2.15.5/lustre/lmv/lmv_intent.o
  CC [M]  /home/cc/lustre-release-v2.15.5/lustre/lmv/lmv_fld.o
  CC [M]  /home/cc/lustre-release-v2.15.5/lustre/lmv/lproc_lmv.o
  LD [M]  /home/cc/lustre-release-v2.15.5/lustre/lmv/lmv.o
  CC [M]  /home/cc/lustre-release-v2.15.5/lustre/lod/lod_dev.o
  CC [M]  /home/cc/lustre-release-v2.15.5/lustre/lod/lod_lov.o
  CC [M]  /home/cc/lustre-release-v2.15.5/lustre/lod/lproc_lod.o
  CC [M]  /home/cc/lustre-release-v2.15.5/lustre/lod/lod_pool.o
  CC [M]  /home/cc/lustre-release-v2.15.5/lustre/lod/lod_object.o
  CC [M]  /home/cc/lustre-release-v2.15.5/lustre/lod/lod_qos.o
  CC [M]  /home/cc/lustre-release-v2.15.5/lustre/lod/lod_sub_object.o
  LD [M]  /home/cc/lustre-release-v2.15.5/lustre/lod/lod.o
  CC [M]  /home/cc/lustre-release-v2.15.5/lustre/lov/lov_dev.o
  CC [M]  /home/cc/lustre-release-v2.15.5/lustre/lov/lov_ea.o
  CC [M]  /home/cc/lustre-release-v2.15.5/lustre/lov/lov_io.o
  CC [M]  /home/cc/lustre-release-v2.15.5/lustre/lov/lov_lock.o
  CC [M]  /home/cc/lustre-release-v2.15.5/lustre/lov/lov_merge.o
  CC [M]  /home/cc/lustre-release-v2.15.5/lustre/lov/lov_obd.o
  CC [M]  /home/cc/lustre-release-v2.15.5/lustre/lov/lov_object.o
  CC [M]  /home/cc/lustre-release-v2.15.5/lustre/lov/lov_offset.o
  CC [M]  /home/cc/lustre-release-v2.15.5/lustre/lov/lov_pack.o
  CC [M]  /home/cc/lustre-release-v2.15.5/lustre/lov/lov_page.o
  CC [M]  /home/cc/lustre-release-v2.15.5/lustre/lov/lov_pool.o
  CC [M]  /home/cc/lustre-release-v2.15.5/lustre/lov/lov_request.o
  CC [M]  /home/cc/lustre-release-v2.15.5/lustre/lov/lovsub_dev.o
  CC [M]  /home/cc/lustre-release-v2.15.5/lustre/lov/lovsub_object.o
  CC [M]  /home/cc/lustre-release-v2.15.5/lustre/lov/lproc_lov.o
  LD [M]  /home/cc/lustre-release-v2.15.5/lustre/lov/lov.o
  CC [M]  /home/cc/lustre-release-v2.15.5/lustre/mdc/mdc_request.o
  CC [M]  /home/cc/lustre-release-v2.15.5/lustre/mdc/mdc_reint.o
  CC [M]  /home/cc/lustre-release-v2.15.5/lustre/mdc/lproc_mdc.o
  CC [M]  /home/cc/lustre-release-v2.15.5/lustre/mdc/mdc_lib.o
  CC [M]  /home/cc/lustre-release-v2.15.5/lustre/mdc/mdc_locks.o
  CC [M]  /home/cc/lustre-release-v2.15.5/lustre/mdc/mdc_changelog.o
  CC [M]  /home/cc/lustre-release-v2.15.5/lustre/mdc/mdc_dev.o
  CC [M]  /home/cc/lustre-release-v2.15.5/lustre/mdc/mdc_acl.o
  LD [M]  /home/cc/lustre-release-v2.15.5/lustre/mdc/mdc.o
  CC [M]  /home/cc/lustre-release-v2.15.5/lustre/mdd/mdd_acl.o
  CC [M]  /home/cc/lustre-release-v2.15.5/lustre/mdd/mdd_device.o
  CC [M]  /home/cc/lustre-release-v2.15.5/lustre/mdd/mdd_dir.o
  CC [M]  /home/cc/lustre-release-v2.15.5/lustre/mdd/mdd_lock.o
  CC [M]  /home/cc/lustre-release-v2.15.5/lustre/mdd/mdd_lproc.o
  CC [M]  /home/cc/lustre-release-v2.15.5/lustre/mdd/mdd_object.o
  CC [M]  /home/cc/lustre-release-v2.15.5/lustre/mdd/mdd_orphans.o
  CC [M]  /home/cc/lustre-release-v2.15.5/lustre/mdd/mdd_permission.o
  CC [M]  /home/cc/lustre-release-v2.15.5/lustre/mdd/mdd_trans.o
  LD [M]  /home/cc/lustre-release-v2.15.5/lustre/mdd/mdd.o
  CC [M]  /home/cc/lustre-release-v2.15.5/lustre/mdt/mdt_handler.o
  CC [M]  /home/cc/lustre-release-v2.15.5/lustre/mdt/mdt_lib.o
  CC [M]  /home/cc/lustre-release-v2.15.5/lustre/mdt/mdt_reint.o
  CC [M]  /home/cc/lustre-release-v2.15.5/lustre/mdt/mdt_xattr.o
  CC [M]  /home/cc/lustre-release-v2.15.5/lustre/mdt/mdt_recovery.o
  CC [M]  /home/cc/lustre-release-v2.15.5/lustre/mdt/mdt_open.o
  CC [M]  /home/cc/lustre-release-v2.15.5/lustre/mdt/mdt_identity.o
  CC [M]  /home/cc/lustre-release-v2.15.5/lustre/mdt/mdt_lproc.o
  CC [M]  /home/cc/lustre-release-v2.15.5/lustre/mdt/mdt_fs.o
  CC [M]  /home/cc/lustre-release-v2.15.5/lustre/mdt/mdt_som.o
  CC [M]  /home/cc/lustre-release-v2.15.5/lustre/mdt/mdt_lvb.o
  CC [M]  /home/cc/lustre-release-v2.15.5/lustre/mdt/mdt_hsm.o
  CC [M]  /home/cc/lustre-release-v2.15.5/lustre/mdt/mdt_mds.o
  CC [M]  /home/cc/lustre-release-v2.15.5/lustre/mdt/mdt_io.o
  CC [M]  /home/cc/lustre-release-v2.15.5/lustre/mdt/mdt_restripe.o
  CC [M]  /home/cc/lustre-release-v2.15.5/lustre/mdt/mdt_hsm_cdt_actions.o
  CC [M]  /home/cc/lustre-release-v2.15.5/lustre/mdt/mdt_hsm_cdt_requests.o
  CC [M]  /home/cc/lustre-release-v2.15.5/lustre/mdt/mdt_hsm_cdt_client.o
  CC [M]  /home/cc/lustre-release-v2.15.5/lustre/mdt/mdt_hsm_cdt_agent.o
  CC [M]  /home/cc/lustre-release-v2.15.5/lustre/mdt/mdt_coordinator.o
  LD [M]  /home/cc/lustre-release-v2.15.5/lustre/mdt/mdt.o
  CC [M]  /home/cc/lustre-release-v2.15.5/lustre/mgc/mgc_request.o
  CC [M]  /home/cc/lustre-release-v2.15.5/lustre/mgc/lproc_mgc.o
  LD [M]  /home/cc/lustre-release-v2.15.5/lustre/mgc/mgc.o
  CC [M]  /home/cc/lustre-release-v2.15.5/lustre/mgs/mgs_handler.o
  CC [M]  /home/cc/lustre-release-v2.15.5/lustre/mgs/mgs_fs.o
  CC [M]  /home/cc/lustre-release-v2.15.5/lustre/mgs/mgs_llog.o
  CC [M]  /home/cc/lustre-release-v2.15.5/lustre/mgs/lproc_mgs.o
  CC [M]  /home/cc/lustre-release-v2.15.5/lustre/mgs/mgs_nids.o
  CC [M]  /home/cc/lustre-release-v2.15.5/lustre/mgs/mgs_barrier.o
  LD [M]  /home/cc/lustre-release-v2.15.5/lustre/mgs/mgs.o
  CC [M]  /home/cc/lustre-release-v2.15.5/lustre/obdclass/llog.o
  CC [M]  /home/cc/lustre-release-v2.15.5/lustre/obdclass/llog_cat.o
  CC [M]  /home/cc/lustre-release-v2.15.5/lustre/obdclass/llog_obd.o
  CC [M]  /home/cc/lustre-release-v2.15.5/lustre/obdclass/llog_swab.o
  CC [M]  /home/cc/lustre-release-v2.15.5/lustre/obdclass/llog_osd.o
  CC [M]  /home/cc/lustre-release-v2.15.5/lustre/obdclass/class_obd.o
  CC [M]  /home/cc/lustre-release-v2.15.5/lustre/obdclass/genops.o
  CC [M]  /home/cc/lustre-release-v2.15.5/lustre/obdclass/llog_ioctl.o
  CC [M]  /home/cc/lustre-release-v2.15.5/lustre/obdclass/lprocfs_status.o
  CC [M]  /home/cc/lustre-release-v2.15.5/lustre/obdclass/lprocfs_counters.o
  CC [M]  /home/cc/lustre-release-v2.15.5/lustre/obdclass/lustre_handles.o
  CC [M]  /home/cc/lustre-release-v2.15.5/lustre/obdclass/lustre_peer.o
  CC [M]  /home/cc/lustre-release-v2.15.5/lustre/obdclass/local_storage.o
  CC [M]  /home/cc/lustre-release-v2.15.5/lustre/obdclass/statfs_pack.o
  CC [M]  /home/cc/lustre-release-v2.15.5/lustre/obdclass/obdo.o
  CC [M]  /home/cc/lustre-release-v2.15.5/lustre/obdclass/obd_config.o
  CC [M]  /home/cc/lustre-release-v2.15.5/lustre/obdclass/obd_mount.o
  CC [M]  /home/cc/lustre-release-v2.15.5/lustre/obdclass/obd_sysfs.o
  CC [M]  /home/cc/lustre-release-v2.15.5/lustre/obdclass/lu_object.o
  CC [M]  /home/cc/lustre-release-v2.15.5/lustre/obdclass/dt_object.o
  CC [M]  /home/cc/lustre-release-v2.15.5/lustre/obdclass/cl_object.o
  CC [M]  /home/cc/lustre-release-v2.15.5/lustre/obdclass/cl_page.o
  CC [M]  /home/cc/lustre-release-v2.15.5/lustre/obdclass/cl_lock.o
  CC [M]  /home/cc/lustre-release-v2.15.5/lustre/obdclass/cl_io.o
  CC [M]  /home/cc/lustre-release-v2.15.5/lustre/obdclass/lu_ref.o
  CC [M]  /home/cc/lustre-release-v2.15.5/lustre/obdclass/linkea.o
  CC [M]  /home/cc/lustre-release-v2.15.5/lustre/obdclass/kernelcomm.o
  CC [M]  /home/cc/lustre-release-v2.15.5/lustre/obdclass/jobid.o
  CC [M]  /home/cc/lustre-release-v2.15.5/lustre/obdclass/integrity.o
  CC [M]  /home/cc/lustre-release-v2.15.5/lustre/obdclass/obd_cksum.o
  CC [M]  /home/cc/lustre-release-v2.15.5/lustre/obdclass/lu_tgt_descs.o
  CC [M]  /home/cc/lustre-release-v2.15.5/lustre/obdclass/lu_tgt_pool.o
  CC [M]  /home/cc/lustre-release-v2.15.5/lustre/obdclass/range_lock.o
  CC [M]  /home/cc/lustre-release-v2.15.5/lustre/obdclass/interval_tree.o
  CC [M]  /home/cc/lustre-release-v2.15.5/lustre/obdclass/idmap.o
  CC [M]  /home/cc/lustre-release-v2.15.5/lustre/obdclass/upcall_cache.o
  CC [M]  /home/cc/lustre-release-v2.15.5/lustre/obdclass/lprocfs_jobstats.o
  CC [M]  /home/cc/lustre-release-v2.15.5/lustre/obdclass/lprocfs_status_server.o
  CC [M]  /home/cc/lustre-release-v2.15.5/lustre/obdclass/lu_ucred.o
  CC [M]  /home/cc/lustre-release-v2.15.5/lustre/obdclass/md_attrs.o
  CC [M]  /home/cc/lustre-release-v2.15.5/lustre/obdclass/obd_mount_server.o
  CC [M]  /home/cc/lustre-release-v2.15.5/lustre/obdclass/obdo_server.o
  CC [M]  /home/cc/lustre-release-v2.15.5/lustre/obdclass/scrub.o
  LD [M]  /home/cc/lustre-release-v2.15.5/lustre/obdclass/obdclass.o
  CC [M]  /home/cc/lustre-release-v2.15.5/lustre/obdclass/llog_test.o
  CC [M]  /home/cc/lustre-release-v2.15.5/lustre/obdecho/echo_client.o
  CC [M]  /home/cc/lustre-release-v2.15.5/lustre/obdecho/debug.o
  CC [M]  /home/cc/lustre-release-v2.15.5/lustre/obdecho/echo.o
  LD [M]  /home/cc/lustre-release-v2.15.5/lustre/obdecho/obdecho.o
  CC [M]  /home/cc/lustre-release-v2.15.5/lustre/ofd/ofd_dev.o
  CC [M]  /home/cc/lustre-release-v2.15.5/lustre/ofd/ofd_obd.o
  CC [M]  /home/cc/lustre-release-v2.15.5/lustre/ofd/ofd_fs.o
  CC [M]  /home/cc/lustre-release-v2.15.5/lustre/ofd/ofd_trans.o
  CC [M]  /home/cc/lustre-release-v2.15.5/lustre/ofd/ofd_objects.o
  CC [M]  /home/cc/lustre-release-v2.15.5/lustre/ofd/ofd_io.o
  CC [M]  /home/cc/lustre-release-v2.15.5/lustre/ofd/lproc_ofd.o
  CC [M]  /home/cc/lustre-release-v2.15.5/lustre/ofd/ofd_dlm.o
  CC [M]  /home/cc/lustre-release-v2.15.5/lustre/ofd/ofd_lvb.o
  CC [M]  /home/cc/lustre-release-v2.15.5/lustre/ofd/ofd_access_log.o
  LD [M]  /home/cc/lustre-release-v2.15.5/lustre/ofd/ofd.o
  CC [M]  /home/cc/lustre-release-v2.15.5/lustre/osc/osc_request.o
  CC [M]  /home/cc/lustre-release-v2.15.5/lustre/osc/lproc_osc.o
  CC [M]  /home/cc/lustre-release-v2.15.5/lustre/osc/osc_dev.o
  CC [M]  /home/cc/lustre-release-v2.15.5/lustre/osc/osc_object.o
  CC [M]  /home/cc/lustre-release-v2.15.5/lustre/osc/osc_page.o
  CC [M]  /home/cc/lustre-release-v2.15.5/lustre/osc/osc_lock.o
  CC [M]  /home/cc/lustre-release-v2.15.5/lustre/osc/osc_io.o
  CC [M]  /home/cc/lustre-release-v2.15.5/lustre/osc/osc_quota.o
  CC [M]  /home/cc/lustre-release-v2.15.5/lustre/osc/osc_cache.o
  LD [M]  /home/cc/lustre-release-v2.15.5/lustre/osc/osc.o
  CC [M]  /home/cc/lustre-release-v2.15.5/lustre/osd-ldiskfs/osd_handler.o
  CC [M]  /home/cc/lustre-release-v2.15.5/lustre/osd-ldiskfs/osd_oi.o
  CC [M]  /home/cc/lustre-release-v2.15.5/lustre/osd-ldiskfs/osd_lproc.o
  CC [M]  /home/cc/lustre-release-v2.15.5/lustre/osd-ldiskfs/osd_iam.o
  CC [M]  /home/cc/lustre-release-v2.15.5/lustre/osd-ldiskfs/osd_iam_lfix.o
  CC [M]  /home/cc/lustre-release-v2.15.5/lustre/osd-ldiskfs/osd_iam_lvar.o
  CC [M]  /home/cc/lustre-release-v2.15.5/lustre/osd-ldiskfs/osd_io.o
  CC [M]  /home/cc/lustre-release-v2.15.5/lustre/osd-ldiskfs/osd_compat.o
  CC [M]  /home/cc/lustre-release-v2.15.5/lustre/osd-ldiskfs/osd_scrub.o
  CC [M]  /home/cc/lustre-release-v2.15.5/lustre/osd-ldiskfs/osd_dynlocks.o
  CC [M]  /home/cc/lustre-release-v2.15.5/lustre/osd-ldiskfs/osd_quota.o
  CC [M]  /home/cc/lustre-release-v2.15.5/lustre/osd-ldiskfs/osd_quota_fmt.o
  CC [M]  /home/cc/lustre-release-v2.15.5/lustre/osd-ldiskfs/osd_integrity.o
  LD [M]  /home/cc/lustre-release-v2.15.5/lustre/osd-ldiskfs/osd_ldiskfs.o
  CC [M]  /home/cc/lustre-release-v2.15.5/lustre/osp/osp_dev.o
  CC [M]  /home/cc/lustre-release-v2.15.5/lustre/osp/osp_object.o
  CC [M]  /home/cc/lustre-release-v2.15.5/lustre/osp/osp_precreate.o
  CC [M]  /home/cc/lustre-release-v2.15.5/lustre/osp/osp_sync.o
  CC [M]  /home/cc/lustre-release-v2.15.5/lustre/osp/lproc_osp.o
  CC [M]  /home/cc/lustre-release-v2.15.5/lustre/osp/lwp_dev.o
  CC [M]  /home/cc/lustre-release-v2.15.5/lustre/osp/osp_md_object.o
  CC [M]  /home/cc/lustre-release-v2.15.5/lustre/osp/osp_trans.o
  LD [M]  /home/cc/lustre-release-v2.15.5/lustre/osp/osp.o
  CC [M]  /home/cc/lustre-release-v2.15.5/lustre/ost/ost_handler.o
  LD [M]  /home/cc/lustre-release-v2.15.5/lustre/ost/ost.o
  CC [M]  /home/cc/lustre-release-v2.15.5/lustre/ptlrpc/../../lustre/ldlm/l_lock.o
  CC [M]  /home/cc/lustre-release-v2.15.5/lustre/ptlrpc/../../lustre/ldlm/ldlm_lock.o
  CC [M]  /home/cc/lustre-release-v2.15.5/lustre/ptlrpc/../../lustre/ldlm/ldlm_resource.o
  CC [M]  /home/cc/lustre-release-v2.15.5/lustre/ptlrpc/../../lustre/ldlm/ldlm_lib.o
  CC [M]  /home/cc/lustre-release-v2.15.5/lustre/ptlrpc/../../lustre/ldlm/ldlm_plain.o
  CC [M]  /home/cc/lustre-release-v2.15.5/lustre/ptlrpc/../../lustre/ldlm/ldlm_extent.o
  CC [M]  /home/cc/lustre-release-v2.15.5/lustre/ptlrpc/../../lustre/ldlm/ldlm_request.o
  CC [M]  /home/cc/lustre-release-v2.15.5/lustre/ptlrpc/../../lustre/ldlm/ldlm_lockd.o
  CC [M]  /home/cc/lustre-release-v2.15.5/lustre/ptlrpc/../../lustre/ldlm/ldlm_flock.o
  CC [M]  /home/cc/lustre-release-v2.15.5/lustre/ptlrpc/../../lustre/ldlm/ldlm_inodebits.o
  CC [M]  /home/cc/lustre-release-v2.15.5/lustre/ptlrpc/../../lustre/ldlm/ldlm_pool.o
  CC [M]  /home/cc/lustre-release-v2.15.5/lustre/ptlrpc/../../lustre/ldlm/ldlm_reclaim.o
  CC [M]  /home/cc/lustre-release-v2.15.5/lustre/ptlrpc/client.o
  CC [M]  /home/cc/lustre-release-v2.15.5/lustre/ptlrpc/recover.o
  CC [M]  /home/cc/lustre-release-v2.15.5/lustre/ptlrpc/connection.o
  CC [M]  /home/cc/lustre-release-v2.15.5/lustre/ptlrpc/niobuf.o
  CC [M]  /home/cc/lustre-release-v2.15.5/lustre/ptlrpc/pack_generic.o
  CC [M]  /home/cc/lustre-release-v2.15.5/lustre/ptlrpc/events.o
  CC [M]  /home/cc/lustre-release-v2.15.5/lustre/ptlrpc/ptlrpc_module.o
  CC [M]  /home/cc/lustre-release-v2.15.5/lustre/ptlrpc/service.o
  CC [M]  /home/cc/lustre-release-v2.15.5/lustre/ptlrpc/pinger.o
  CC [M]  /home/cc/lustre-release-v2.15.5/lustre/ptlrpc/llog_net.o
  CC [M]  /home/cc/lustre-release-v2.15.5/lustre/ptlrpc/llog_client.o
  CC [M]  /home/cc/lustre-release-v2.15.5/lustre/ptlrpc/llog_server.o
  CC [M]  /home/cc/lustre-release-v2.15.5/lustre/ptlrpc/import.o
  CC [M]  /home/cc/lustre-release-v2.15.5/lustre/ptlrpc/ptlrpcd.o
  CC [M]  /home/cc/lustre-release-v2.15.5/lustre/ptlrpc/pers.o
  CC [M]  /home/cc/lustre-release-v2.15.5/lustre/ptlrpc/lproc_ptlrpc.o
  CC [M]  /home/cc/lustre-release-v2.15.5/lustre/ptlrpc/wiretest.o
  CC [M]  /home/cc/lustre-release-v2.15.5/lustre/ptlrpc/layout.o
  CC [M]  /home/cc/lustre-release-v2.15.5/lustre/ptlrpc/sec.o
  CC [M]  /home/cc/lustre-release-v2.15.5/lustre/ptlrpc/sec_ctx.o
  CC [M]  /home/cc/lustre-release-v2.15.5/lustre/ptlrpc/sec_bulk.o
  CC [M]  /home/cc/lustre-release-v2.15.5/lustre/ptlrpc/sec_gc.o
  CC [M]  /home/cc/lustre-release-v2.15.5/lustre/ptlrpc/sec_config.o
  CC [M]  /home/cc/lustre-release-v2.15.5/lustre/ptlrpc/sec_lproc.o
  CC [M]  /home/cc/lustre-release-v2.15.5/lustre/ptlrpc/sec_null.o
  CC [M]  /home/cc/lustre-release-v2.15.5/lustre/ptlrpc/sec_plain.o
  CC [M]  /home/cc/lustre-release-v2.15.5/lustre/ptlrpc/nrs.o
  CC [M]  /home/cc/lustre-release-v2.15.5/lustre/ptlrpc/nrs_fifo.o
  CC [M]  /home/cc/lustre-release-v2.15.5/lustre/ptlrpc/nrs_delay.o
  CC [M]  /home/cc/lustre-release-v2.15.5/lustre/ptlrpc/heap.o
  CC [M]  /home/cc/lustre-release-v2.15.5/lustre/ptlrpc/errno.o
  CC [M]  /home/cc/lustre-release-v2.15.5/lustre/ptlrpc/../../lustre/target/barrier.o
  CC [M]  /home/cc/lustre-release-v2.15.5/lustre/ptlrpc/../../lustre/target/tgt_main.o
  CC [M]  /home/cc/lustre-release-v2.15.5/lustre/ptlrpc/../../lustre/target/tgt_lastrcvd.o
  CC [M]  /home/cc/lustre-release-v2.15.5/lustre/ptlrpc/../../lustre/target/tgt_handler.o
  CC [M]  /home/cc/lustre-release-v2.15.5/lustre/ptlrpc/../../lustre/target/out_handler.o
  CC [M]  /home/cc/lustre-release-v2.15.5/lustre/ptlrpc/../../lustre/target/out_lib.o
  CC [M]  /home/cc/lustre-release-v2.15.5/lustre/ptlrpc/../../lustre/target/update_trans.o
  CC [M]  /home/cc/lustre-release-v2.15.5/lustre/ptlrpc/../../lustre/target/update_records.o
  CC [M]  /home/cc/lustre-release-v2.15.5/lustre/ptlrpc/../../lustre/target/update_recovery.o
  CC [M]  /home/cc/lustre-release-v2.15.5/lustre/ptlrpc/../../lustre/target/tgt_grant.o
  CC [M]  /home/cc/lustre-release-v2.15.5/lustre/ptlrpc/../../lustre/target/tgt_fmd.o
  CC [M]  /home/cc/lustre-release-v2.15.5/lustre/ptlrpc/nodemap_handler.o
  CC [M]  /home/cc/lustre-release-v2.15.5/lustre/ptlrpc/nodemap_lproc.o
  CC [M]  /home/cc/lustre-release-v2.15.5/lustre/ptlrpc/nodemap_range.o
  CC [M]  /home/cc/lustre-release-v2.15.5/lustre/ptlrpc/nodemap_idmap.o
  CC [M]  /home/cc/lustre-release-v2.15.5/lustre/ptlrpc/nodemap_rbtree.o
  CC [M]  /home/cc/lustre-release-v2.15.5/lustre/ptlrpc/nodemap_member.o
  CC [M]  /home/cc/lustre-release-v2.15.5/lustre/ptlrpc/nodemap_storage.o
  CC [M]  /home/cc/lustre-release-v2.15.5/lustre/ptlrpc/nrs_crr.o
  CC [M]  /home/cc/lustre-release-v2.15.5/lustre/ptlrpc/nrs_orr.o
  CC [M]  /home/cc/lustre-release-v2.15.5/lustre/ptlrpc/nrs_tbf.o
  CC [M]  /home/cc/lustre-release-v2.15.5/lustre/ptlrpc/pack_server.o
  LD [M]  /home/cc/lustre-release-v2.15.5/lustre/ptlrpc/ptlrpc.o
  CC [M]  /home/cc/lustre-release-v2.15.5/lustre/quota/lproc_quota.o
  CC [M]  /home/cc/lustre-release-v2.15.5/lustre/quota/lquota_lib.o
  CC [M]  /home/cc/lustre-release-v2.15.5/lustre/quota/lquota_disk.o
  CC [M]  /home/cc/lustre-release-v2.15.5/lustre/quota/lquota_entry.o
  CC [M]  /home/cc/lustre-release-v2.15.5/lustre/quota/qsd_lib.o
  CC [M]  /home/cc/lustre-release-v2.15.5/lustre/quota/qsd_request.o
  CC [M]  /home/cc/lustre-release-v2.15.5/lustre/quota/qsd_entry.o
  CC [M]  /home/cc/lustre-release-v2.15.5/lustre/quota/qsd_lock.o
  CC [M]  /home/cc/lustre-release-v2.15.5/lustre/quota/qsd_reint.o
  CC [M]  /home/cc/lustre-release-v2.15.5/lustre/quota/qsd_writeback.o
  CC [M]  /home/cc/lustre-release-v2.15.5/lustre/quota/qsd_config.o
  CC [M]  /home/cc/lustre-release-v2.15.5/lustre/quota/qsd_handler.o
  CC [M]  /home/cc/lustre-release-v2.15.5/lustre/quota/qmt_dev.o
  CC [M]  /home/cc/lustre-release-v2.15.5/lustre/quota/qmt_handler.o
  CC [M]  /home/cc/lustre-release-v2.15.5/lustre/quota/qmt_lock.o
  CC [M]  /home/cc/lustre-release-v2.15.5/lustre/quota/qmt_entry.o
  CC [M]  /home/cc/lustre-release-v2.15.5/lustre/quota/qmt_pool.o
  LD [M]  /home/cc/lustre-release-v2.15.5/lustre/quota/lquota.o
  CC [M]  /home/cc/lustre-release-v2.15.5/lustre/tests/kernel/kinode.o
  Building modules, stage 2.
  MODPOST 29 modules
  CC      /home/cc/lustre-release-v2.15.5/ldiskfs/ldiskfs.mod.o
  LD [M]  /home/cc/lustre-release-v2.15.5/ldiskfs/ldiskfs.ko
  CC      /home/cc/lustre-release-v2.15.5/libcfs/libcfs/libcfs.mod.o
  LD [M]  /home/cc/lustre-release-v2.15.5/libcfs/libcfs/libcfs.ko
  CC      /home/cc/lustre-release-v2.15.5/lnet/klnds/o2iblnd/ko2iblnd.mod.o
  LD [M]  /home/cc/lustre-release-v2.15.5/lnet/klnds/o2iblnd/ko2iblnd.ko
  CC      /home/cc/lustre-release-v2.15.5/lnet/klnds/socklnd/ksocklnd.mod.o
  LD [M]  /home/cc/lustre-release-v2.15.5/lnet/klnds/socklnd/ksocklnd.ko
  CC      /home/cc/lustre-release-v2.15.5/lnet/lnet/lnet.mod.o
  LD [M]  /home/cc/lustre-release-v2.15.5/lnet/lnet/lnet.ko
  CC      /home/cc/lustre-release-v2.15.5/lnet/selftest/lnet_selftest.mod.o
  LD [M]  /home/cc/lustre-release-v2.15.5/lnet/selftest/lnet_selftest.ko
  CC      /home/cc/lustre-release-v2.15.5/lustre/fid/fid.mod.o
  LD [M]  /home/cc/lustre-release-v2.15.5/lustre/fid/fid.ko
  CC      /home/cc/lustre-release-v2.15.5/lustre/fld/fld.mod.o
  LD [M]  /home/cc/lustre-release-v2.15.5/lustre/fld/fld.ko
  CC      /home/cc/lustre-release-v2.15.5/lustre/lfsck/lfsck.mod.o
  LD [M]  /home/cc/lustre-release-v2.15.5/lustre/lfsck/lfsck.ko
  CC      /home/cc/lustre-release-v2.15.5/lustre/llite/lustre.mod.o
  LD [M]  /home/cc/lustre-release-v2.15.5/lustre/llite/lustre.ko
  CC      /home/cc/lustre-release-v2.15.5/lustre/lmv/lmv.mod.o
  LD [M]  /home/cc/lustre-release-v2.15.5/lustre/lmv/lmv.ko
  CC      /home/cc/lustre-release-v2.15.5/lustre/lod/lod.mod.o
  LD [M]  /home/cc/lustre-release-v2.15.5/lustre/lod/lod.ko
  CC      /home/cc/lustre-release-v2.15.5/lustre/lov/lov.mod.o
  LD [M]  /home/cc/lustre-release-v2.15.5/lustre/lov/lov.ko
  CC      /home/cc/lustre-release-v2.15.5/lustre/mdc/mdc.mod.o
  LD [M]  /home/cc/lustre-release-v2.15.5/lustre/mdc/mdc.ko
  CC      /home/cc/lustre-release-v2.15.5/lustre/mdd/mdd.mod.o
  LD [M]  /home/cc/lustre-release-v2.15.5/lustre/mdd/mdd.ko
  CC      /home/cc/lustre-release-v2.15.5/lustre/mdt/mdt.mod.o
  LD [M]  /home/cc/lustre-release-v2.15.5/lustre/mdt/mdt.ko
  CC      /home/cc/lustre-release-v2.15.5/lustre/mgc/mgc.mod.o
  LD [M]  /home/cc/lustre-release-v2.15.5/lustre/mgc/mgc.ko
  CC      /home/cc/lustre-release-v2.15.5/lustre/mgs/mgs.mod.o
  LD [M]  /home/cc/lustre-release-v2.15.5/lustre/mgs/mgs.ko
  CC      /home/cc/lustre-release-v2.15.5/lustre/obdclass/llog_test.mod.o
  LD [M]  /home/cc/lustre-release-v2.15.5/lustre/obdclass/llog_test.ko
  CC      /home/cc/lustre-release-v2.15.5/lustre/obdclass/obdclass.mod.o
  LD [M]  /home/cc/lustre-release-v2.15.5/lustre/obdclass/obdclass.ko
  CC      /home/cc/lustre-release-v2.15.5/lustre/obdecho/obdecho.mod.o
  LD [M]  /home/cc/lustre-release-v2.15.5/lustre/obdecho/obdecho.ko
  CC      /home/cc/lustre-release-v2.15.5/lustre/ofd/ofd.mod.o
  LD [M]  /home/cc/lustre-release-v2.15.5/lustre/ofd/ofd.ko
  CC      /home/cc/lustre-release-v2.15.5/lustre/osc/osc.mod.o
  LD [M]  /home/cc/lustre-release-v2.15.5/lustre/osc/osc.ko
  CC      /home/cc/lustre-release-v2.15.5/lustre/osd-ldiskfs/osd_ldiskfs.mod.o
  LD [M]  /home/cc/lustre-release-v2.15.5/lustre/osd-ldiskfs/osd_ldiskfs.ko
  CC      /home/cc/lustre-release-v2.15.5/lustre/osp/osp.mod.o
  LD [M]  /home/cc/lustre-release-v2.15.5/lustre/osp/osp.ko
  CC      /home/cc/lustre-release-v2.15.5/lustre/ost/ost.mod.o
  LD [M]  /home/cc/lustre-release-v2.15.5/lustre/ost/ost.ko
  CC      /home/cc/lustre-release-v2.15.5/lustre/ptlrpc/ptlrpc.mod.o
  LD [M]  /home/cc/lustre-release-v2.15.5/lustre/ptlrpc/ptlrpc.ko
  CC      /home/cc/lustre-release-v2.15.5/lustre/quota/lquota.mod.o
  LD [M]  /home/cc/lustre-release-v2.15.5/lustre/quota/lquota.ko
  CC      /home/cc/lustre-release-v2.15.5/lustre/tests/kernel/kinode.mod.o
  LD [M]  /home/cc/lustre-release-v2.15.5/lustre/tests/kernel/kinode.ko
make[1]: Leaving directory '/usr/src/kernels/4.18.0-513.el8_lustre.x86_64'
